// Jest Snapshot v1, https://goo.gl/fbAQLP

exports[`renders correctly 1`] = `
<div
  className="my-6  flex justify-end gap-6 md:justify-end "
>
  <button
    className="mw-40 w-36 rounded border border-[#457B9D] bg-[#457B9D]  p-1.5 font-semibold text-white  duration-300 ease-linear hover:rounded  hover:border-blue-btn hover:bg-transparent hover:text-[#457B9D] hover:shadow md:w-44"
    href=""
    onClick={[Function]}
    type="button"
  >
    Edit
  </button>
</div>
`;
