// Jest Snapshot v1, https://goo.gl/fbAQLP

exports[`renders correctly 1`] = `
<div
  className="px-12 sm:px-12 lg:px-28 flex flex-col md:flex-col lg:flex-row md:justify-around "
>
  <div
    className="pt-32 md:mr-48"
  >
    <div
      className="col-md-6 col-sm-12"
    >
      <div
        className="col"
      >
        <h1
          className="text-5xl font-bold font-quicksand text-blue-dark mb-10"
        >
          Contact Us
        </h1>
        <p
          className="text-lg text-justify font-SourceSansPro text-blue-dark mb-10 md:max-w-lg"
        >
          Get the understanding you need to channel the books of spells you have always been smitten with, and boost sales which cartoon rabbits love to steal! Get the understanding you need to
        </p>
        <div
          className="flex pb-20 "
        >
          <div
            className="w-10 mr-5  grow text-blue-dark h-5 font-SourceSansPro"
          >
            <img
              alt="Location icon"
              src="Location.png"
            />
            <p>
              9094 Bay Meadows Street Conyers, GA 30012
            </p>
          </div>
          <div
            className="flex-initial text-blue-dark w-8 grow h-5 font-SourceSansPro"
          >
            <img
              alt="Phone icon"
              src="Phone.png"
            />
            <p>
              +229-955-5388-336
            </p>
            <p>
              +229-955-5373-360
            </p>
          </div>
          <div
            className="flex-initial ml-5 w-8 grow font-SourceSansPro"
          >
            <img
              alt="Contact icon"
              src="Message.png"
            />
            <p>
              support@mail.com
            </p>
            <p>
              office@mail.com
            </p>
          </div>
        </div>
      </div>
    </div>
  </div>
  <div
    className="lg:w-5/12 my-8 rounded-tr"
  >
    <form
      className="bg-gray-800 rounded-tr font-SourceSansPro"
      id="contact"
    >
      <div
        className="justify-between"
      >
        <div
          className="flex flex-col"
        >
          <label
            className="text-lg text-blue-dark font-semibold mb-2 "
          >
            Full Name
          </label>
          <input
            className="focus:border focus:border-blue-dark rounded border-none bg-gray mb-6"
            id="full_name"
            name="full_name"
            placeholder="Full Name"
            required={true}
            type="text"
          />
        </div>
      </div>
      <div
        className="flex flex-col"
      >
        <label
          className="text-lg text-blue-dark font-semibold mb-2"
        >
          Email
        </label>
        <input
          className="focus:border focus:border-blue-dark rounded border-none bg-gray mb-6"
          id="email"
          name="email"
          placeholder="example@email.com"
          required={true}
          type="email"
        />
      </div>
      <div
        className="flex flex-col"
      >
        <label
          className="text-lg text-blue-dark font-semibold mb-2"
        >
          Message
        </label>
        <textarea
          className="border-none bg-gray mb-6 rounded"
          id="message"
          name="message"
          placeholder="Type Here"
          rows="9"
        />
      </div>
      <button
        className="rounded-md border-2 border-blue-dark text-white p-2 font-SourceSansPro w-56 font-semibold bg-blue-dark  duration-300 ease-linear hover:border-blue-dark hover:bg-white hover:text-blue-dark hover:shadow"
        type="submit"
      >
        Send
      </button>
    </form>
  </div>
</div>
`;
