// Jest Snapshot v1, https://goo.gl/fbAQLP

exports[`renders correctly 1`] = `
<div
  className="md:bg-blue-dark"
>
  <nav
    className=" z-20 mx-auto  items-center text-sm text-white md:flex md:h-16 md:w-9/12 md:justify-around md:bg-blue-dark "
  >
    <div
      className="flex items-center justify-between "
    >
      <a
        href="/"
        onClick={[Function]}
      >
        <img
          alt="Reach Logo"
          className="  mx-3 my-3 mb-0 h-20 pt-1 md:py-2 "
          src="Logo.png"
        />
      </a>
      <div
        className=" mx-4 my-5  flex h-12 w-12 flex-col items-center justify-center gap-1.5 rounded-full bg-blue-btn   text-white focus:outline-none md:hidden"
        onClick={[Function]}
      >
        <span
          className="block h-0.5 w-6 transform bg-current transition duration-500 ease-in-out"
        />
        <span
          className="block h-0.5 w-6 transform bg-current transition duration-500 ease-in-out"
        />
        <span
          className="block h-0.5 w-6 transform bg-current transition duration-500 ease-in-out"
        />
      </div>
    </div>
    <ul
      className=" ml-12 hidden gap-4  font-light md:ml-2 md:flex md:gap-4 lg:gap-4  xl:gap-8"
    >
      <li
        className="border-gray-700 hover:border-gray-200 lg:text-md w-full transform  border-b-2 pb-2 font-SourceSansPro text-3xl duration-200 ease-linear hover:text-red sm:text-center sm:text-lg md:w-auto md:border-none md:pb-0"
      >
        <a
          className=""
          href="/events"
          onClick={[Function]}
        >
          navbar.pages.0
        </a>
      </li>
      <li
        className=" border-gray-700 hover:border-gray-200 lg:text-md w-full border-b-2 pb-2 font-SourceSansPro text-3xl duration-200 ease-linear hover:text-red sm:text-center sm:text-lg md:hidden md:w-auto md:border-none md:pb-0 lg:block"
      >
        <a
          href="/#contact-us"
          onClick={[Function]}
        >
          navbar.pages.1
        </a>
      </li>
      <li
        className="border-gray-700 hover:border-gray-200 lg:text-md w-full border-b-2 pb-2 font-SourceSansPro text-3xl duration-200 ease-linear hover:text-red sm:text-center sm:text-lg md:hidden md:w-auto  md:border-none md:pb-0 lg:block"
      >
        <a
          href="/#about"
          onClick={[Function]}
        >
          navbar.pages.2
        </a>
      </li>
      <li
        className="border-gray-700 hover:border-gray-200 lg:text-md w-full transform  border-b-2 pb-2 font-SourceSansPro text-3xl duration-200 ease-linear hover:text-red sm:text-center sm:text-lg md:w-auto md:border-none md:pb-0"
      >
        <a
          className=""
          href="/our-team"
          onClick={[Function]}
        >
          navbar.pages.3
        </a>
      </li>
    </ul>
    <div
      className="hidden gap-2  md:flex "
    >
      <div
        className="mx-auto"
      >
        <a
          href="/sign-in"
          onClick={[Function]}
        >
          <button
            className="mr-2 w-full transform  rounded border-2 py-1.5 px-6 text-xl font-semibold duration-200 ease-in hover:border-white  hover:bg-white hover:text-red  sm:ml-0 sm:w-44  sm:px-3  sm:text-sm md:w-auto md:text-sm lg:px-6"
          >
            navbar.buttons.0
          </button>
        </a>
        <a
          href="/register"
          onClick={[Function]}
        >
          <button
            className=" hover:border-1 hover:bg-gray-100 w-full    transform rounded border-2  border-white bg-red  py-1.5 text-xl font-semibold duration-100 ease-in hover:bg-white hover:text-red  rtl:mx-2  sm:w-44 sm:px-3 sm:text-sm    md:w-auto lg:px-6"
          >
            navbar.buttons.1
          </button>
        </a>
      </div>
      <div
        className="relative top-2 z-20 hidden items-center  justify-self-end rounded hover:bg-red hover:text-white focus:border-0 sm:text-lg    md:mx-6  md:inline-block  "
        onClick={[Function]}
      >
        <img
          alt=""
          className=" ml-1 inline-block h-6 w-8"
          src="language-svgrepo-com.svg"
        />
        <img
          alt=""
          className=" ml-1 inline-block h-4 w-3"
          src="downArrow.svg"
        />
        <ul
          className="z-20 hidden"
        >
          <li
            className="py-0.5 px-2 hover:bg-blue-dark"
            onClick={[Function]}
          >
            العربية
          </li>
          <li
            className="py-0.5 px-2 hover:bg-blue-dark"
            onClick={[Function]}
          >
            English
          </li>
        </ul>
      </div>
    </div>
  </nav>
</div>
`;
