// Jest Snapshot v1, https://goo.gl/fbAQLP

exports[`renders correctly 1`] = `
<div
  className=" bg-blue-dark"
>
  <div
    className="flex justify-between pl-12 pr-12 pt-8"
  >
    <a
      href="/"
      onClick={[Function]}
    >
      <img
        alt="Reach"
        src="Logo.png"
      />
    </a>
    <img
      alt="close"
      className="hover:scale-125 hover:cursor-pointer"
      onClick={[Function]}
      src="close-menu.svg"
    />
  </div>
  <div
    className="w-full p-24 bg-blue-dark flex justify-evenly"
  >
    <img
      alt="a drawing of a little boy in a classroom raising his hand"
      className="w-0 md:w-4/12 lg:4/12"
      src="SigninPic.jpg"
    />
    <div
      className="w-full md:w-4/12"
    >
      <h1
        className=" text-gray pb-6 font-bold font-heading text-4xl"
      >
        Sign In
      </h1>
      <form
        className="flex flex-col gap-3 font-body text-lg text-gray"
        onSubmit={[Function]}
      >
        <p
          className="font-SourceSansPro flex flex-row"
        >
          If you don\`t have an account register, you can 
          <a
            href="/sign-up"
            onClick={[Function]}
          >
            <p
              className="ml-1 text-red"
            >
               register here!
            </p>
          </a>
        </p>
        <div
          className="flex float-right gap-4"
        >
          <img
            alt="email icon"
            className="w-5"
            src="message.svg"
          />
          <label
            className="font-heading font-bold"
          >
            Email
          </label>
        </div>
        <input
          className=" focus:outline-none bg-blue-dark border-0 border-b border-gray"
          name="Email"
          onChange={[Function]}
          placeholder="Enter your email address"
          type="text"
          value="John@gmail.com"
        />
        <div
          className="flex float-right gap-4"
        >
          <img
            alt="padlock icon"
            className="w-5"
            src="padlock.svg"
          />
          <label
            className="font-heading font-bold"
          >
            Password
          </label>
        </div>
        <input
          className="focus:outline-none bg-blue-dark border-0 border-b border-gray"
          name="password"
          onChange={[Function]}
          placeholder="Enter your password"
          type="password"
          value="124"
        />
        <div>
          <div
            className="flex justify-between"
          >
            <div>
              <input
                checked={0}
                className="focus:outline-none bg-gray border-0 border-b border-gray"
                name="remember"
                onChange={[Function]}
                type="checkbox"
              />
              <label
                className="font-heading font-bold"
              >
                 Remember Me
              </label>
            </div>
            <p>
              Forgot password?
            </p>
          </div>
        </div>
        <button
          className="w-full h-12 mt-4 rounded bg-red text-gray text-2xl font-bold font-heading"
        >
          Login
        </button>
        <h4
          className="flex justify-center"
        >
          or continue with
        </h4>
        <div
          className="flex w-full flex-row justify-center gap-3"
        >
          <img
            alt="google icon"
            className="hover:scale-125"
            src="google.svg"
          />
          <img
            alt="facebook icon"
            className="hover:scale-125"
            src="facebook.svg"
          />
          <img
            alt="apple icon"
            className="hover:scale-125"
            src="apple.svg"
          />
        </div>
      </form>
    </div>
  </div>
</div>
`;
