// Jest Snapshot v1, https://goo.gl/fbAQLP

exports[`renders correctly 1`] = `
<div
  className="area  mt-0 h-[62rem] sm:h-[54rem] md:h-[44rem]"
>
  <ul
    className="circles   mb-48 flex md:pt-24  lg:pt-16"
  >
    <section
      className="my-3   mx-auto grid w-11/12 grid-cols-1 py-8 md:my-4 md:w-9/12 md:grid-cols-2 md:px-12  md:pt-0 lg:pt-16 lg:pb-28"
    >
      <main
        className="row  md:mt-20 lg:mt-20"
      >
        <h1
          className="my-4 mb-6 text-center  font-quicksand text-5xl font-semibold text-blue-dark md:text-start"
        >
          home.hero.title
        </h1>
        <p
          className="my-6 mb-4 text-center font-SourceSansPro text-2xl leading-5 text-blue-dark md:text-start"
        >
          <span>
            home.hero.description
          </span>
          <br />
          <span
            className="pt-6 text-lg"
          >
            home.hero.description2
          </span>
        </p>
        <div
          className="h-18 my-3 flex items-center justify-center gap-2 py-2 text-center font-SourceSansPro  text-sm  md:justify-start"
        >
          <a
            href="/volunteer-profile"
            onClick={[Function]}
          >
            <button
              className="mw-40 w-32 rounded-md border-2 border-blue-light bg-blue-light px-2 py-2 font-semibold text-white duration-300 ease-linear hover:border-blue-dark hover:bg-white  hover:text-blue-dark hover:shadow"
              href=""
            >
              home.hero.btn1
            </button>
          </a>
          <a
            href="/events"
            onClick={[Function]}
          >
            <button
              className="w-32 rounded-md border-2 border-blue-light bg-white py-2 px-2 font-semibold text-blue-light duration-300 ease-linear hover:border-2 hover:bg-blue-light hover:text-white hover:shadow "
              href=""
            >
              home.hero.btn2
            </button>
          </a>
        </div>
      </main>
      <div
        className="flex h-96 justify-center p-2  md:my-auto md:mt-5 md:h-[35rem]  lg:place-items-end  lg:justify-end"
      >
        <img
          alt=""
          className="py-2 md:mb-16 lg:h-full"
          src="landing_page 1.png"
        />
      </div>
    </section>
    <li />
    <li />
    <li />
    <li />
    <li />
    <li />
    <li />
    <li />
    <li />
  </ul>
</div>
`;
