// Jest Snapshot v1, https://goo.gl/fbAQLP

exports[`renders correctly 1`] = `
<section
  className="my-3 grid grid-cols-1 bg-white p-4 py-8 sm:grid-cols-2 md:px-12 md:pt-0 md:my-4 lg:px-36 lg:py-28"
>
  <main
    className="row md:mt-20 lg:mt-20"
  >
    <h1
      className="text-center my-4 mb-6  font-quicksand text-5xl font-semibold text-blue-dark md:text-start"
    >
      Reach
    </h1>
    <p
      className="text-center text-xl my-6 mb-4 font-SourceSansPro leading-5 text-blue-dark md:text-start"
    >
      home.hero.description
    </p>
    <div
      className="h-18 my-3 flex items-center justify-center gap-2 py-2 text-center font-SourceSansPro  text-sm  sm:justify-start"
    >
      <a
        href="/volunteer-profile"
        onClick={[Function]}
      >
        <button
          className="mw-40 w-32 rounded-md border-2 border-blue-light bg-blue-light px-2 py-2 text-white duration-300 ease-linear font-semibold hover:border-blue-dark hover:bg-white  hover:text-blue-dark hover:shadow"
          href=""
        >
          home.hero.btn1
        </button>
      </a>
      <a
        href="/events"
        onClick={[Function]}
      >
        <button
          className="w-32 rounded-md border-2 border-blue-light bg-white py-2 px-2 text-blue-light font-semibold duration-300 ease-linear hover:border-2 hover:bg-blue-light hover:text-white hover:shadow "
          href=""
        >
          home.hero.btn2
        </button>
      </a>
    </div>
  </main>
  <div
    className="flex h-96 justify-center p-2 md:mt-5 md:h-96  md:place-items-end"
  >
    <img
      alt=""
      className="py-2 lg:h-full"
      src="landing_page 1.png"
    />
  </div>
</section>
`;
